// Jest Snapshot v1, https://goo.gl/fbAQLP

exports[`decode decodes an orcid to a Person 1`] = `
Object {
  "affiliations": Array [
    Object {
      "alternateNames": Array [
        "Psychoceramics",
      ],
      "identifiers": Array [
        Object {
          "propertyID": "RINGGOLD",
          "type": "PropertyValue",
          "value": 5468,
        },
      ],
      "name": "Wesleyan University",
      "type": "Organization",
    },
    Object {
      "alternateNames": Array [
        "Psychoceramics",
      ],
      "identifiers": Array [
        Object {
          "propertyID": "RINGGOLD",
          "type": "PropertyValue",
          "value": 6752,
        },
      ],
      "name": "Brown University",
      "type": "Organization",
    },
  ],
  "alternateNames": Array [
    "Josiah Stinkney Carberry",
    "J. Carberry",
    "J. S. Carberry",
  ],
  "familyNames": Array [
    "Carberry",
  ],
  "givenNames": Array [
    "Josiah",
  ],
  "id": "https://orcid.org/0000-0002-1825-0097",
  "identifiers": Array [
    Object {
      "propertyID": "Scopus Author ID",
      "type": "PropertyValue",
      "value": 7007156898,
    },
  ],
  "type": "Person",
  "url": "http://library.brown.edu/about/hay/carberry.php",
}
`;
