// Jest Snapshot v1, https://goo.gl/fbAQLP

exports[`Encode & Decode references encode - citegroup and references 1`] = `
"<article>
  <h1 role=\\"title\\">An example of using the CiteGroup node type</h1>
  <p>Citing two articles <span itemtype=\\"schema:CiteGroup\\"><cite><a href=\\"#some-one-else-1991\\">some-one-else-1991</a></cite><cite><a href=\\"#updated-works-2009\\">updated-works-2009</a></cite><cite><a href=\\"http://www.fullUrl.com\\">http://www.fullUrl.com</a></cite></span>.</p>
  <section>
    <h2>References</h2>
    <ol itemprop=\\"references\\">
      <li id=\\"some-one-else-1991\\" itemscope=\\"true\\" itemtype=\\"https://schema.org/CreativeWork\\" itemprop=\\"citation\\"><span itemprop=\\"title\\" itemscope=\\"true\\">Another article by someone
          else</span>
        <ol itemprop=\\"authors\\" itemscope=\\"true\\">
          <li itemscope=\\"true\\" itemtype=\\"https://schema.org/Person\\" itemprop=\\"author\\"><span itemprop=\\"familyName\\">Else</span><span itemprop=\\"givenName\\">SomeOne</span></li>
        </ol><time itemprop=\\"datePublished\\" datetime=\\"1991\\">1991</time>
      </li>
      <li id=\\"update-works-2009\\" itemscope=\\"true\\" itemtype=\\"https://schema.org/CreativeWork\\" itemprop=\\"citation\\"><span itemprop=\\"title\\" itemscope=\\"true\\">A Better Updated Work</span>
        <ol itemprop=\\"authors\\" itemscope=\\"true\\">
          <li itemscope=\\"true\\" itemtype=\\"https://schema.org/Person\\" itemprop=\\"author\\"><span itemprop=\\"familyName\\">Person</span><span itemprop=\\"givenName\\">SomeBetter</span></li>
        </ol><time itemprop=\\"datePublished\\" datetime=\\"2009\\">2009</time>
      </li>
    </ol>
  </section>
</article>"
`;
